// Jest Snapshot v1, https://goo.gl/fbAQLP

exports[`Register functional component should render a registered functional component correctly 1`] = `
<div>
  Test
</div>
`;
