// Jest Snapshot v1, https://goo.gl/fbAQLP

exports[`Register class component should render a registered class component correctly 1`] = `
<div>
  Test
</div>
`;
